<?xml version="1.0" encoding="UTF-8"?>
<testsuites name="Mocha Tests" time="2.6849999999999996" tests="21" failures="0">
  <testsuite name="Root Suite" timestamp="2017-01-06T09:44:36" tests="0" failures="0" time="0">
  </testsuite>
  <testsuite name="# track-js" timestamp="2017-01-06T09:44:36" tests="0" failures="0" time="0">
  </testsuite>
  <testsuite name="#shorten" timestamp="2017-01-06T09:44:36" tests="6" failures="0" time="2.683">
    <testcase name="# track-js #shorten Should produce a shortlink" time="0.768" classname="Should produce a shortlink">
    </testcase>
    <testcase name="# track-js #shorten Should produce a shortlink with overrides" time="0.616" classname="Should produce a shortlink with overrides">
    </testcase>
    <testcase name="# track-js #shorten Should produce the same shortlink for the same links" time="0.702" classname="Should produce the same shortlink for the same links">
    </testcase>
    <testcase name="# track-js #shorten Should throw when access token is missing" time="0.117" classname="Should throw when access token is missing">
    </testcase>
    <testcase name="# track-js #shorten Should throw when endpoint is missing" time="0.001" classname="Should throw when endpoint is missing">
    </testcase>
    <testcase name="# track-js #shorten Should throw on invalid response" time="0.479" classname="Should throw on invalid response">
    </testcase>
  </testsuite>
  <testsuite name="#override" timestamp="2017-01-06T09:44:39" tests="8" failures="0" time="0.001">
    <testcase name="# track-js #override Should append override to url" time="0" classname="Should append override to url">
    </testcase>
    <testcase name="# track-js #override Should shrink override parameters" time="0" classname="Should shrink override parameters">
    </testcase>
    <testcase name="# track-js #override Should append shortcode to endpoint" time="0" classname="Should append shortcode to endpoint">
    </testcase>
    <testcase name="# track-js #override Should append to existing overrides in url" time="0.001" classname="Should append to existing overrides in url">
    </testcase>
    <testcase name="# track-js #override Should throw on shortcode when no endpoint is set" time="0" classname="Should throw on shortcode when no endpoint is set">
    </testcase>
    <testcase name="# track-js #override Should throw on invalid shortcode" time="0" classname="Should throw on invalid shortcode">
    </testcase>
    <testcase name="# track-js #override Should throw on invalid parse url" time="0" classname="Should throw on invalid parse url">
    </testcase>
    <testcase name="# track-js #override Should throw on url with other domain when strict" time="0" classname="Should throw on url with other domain when strict">
    </testcase>
  </testsuite>
  <testsuite name="#id" timestamp="2017-01-06T09:44:39" tests="3" failures="0" time="0.001">
    <testcase name="# track-js #id Should generate the correct link with default gif extension" time="0" classname="Should generate the correct link with default gif extension">
    </testcase>
    <testcase name="# track-js #id Should generate the correct link" time="0" classname="Should generate the correct link">
    </testcase>
    <testcase name="# track-js #id Should throw when endpoint is not set" time="0.001" classname="Should throw when endpoint is not set">
    </testcase>
  </testsuite>
  <testsuite name="#pixel" timestamp="2017-01-06T09:44:39" tests="4" failures="0" time="0">
    <testcase name="# track-js #pixel Should generate the correct tracking pixel" time="0" classname="Should generate the correct tracking pixel">
    </testcase>
    <testcase name="# track-js #pixel Should generate the correct tracking pixel as png" time="0" classname="Should generate the correct tracking pixel as png">
    </testcase>
    <testcase name="# track-js #pixel Should shrink long form parameters" time="0" classname="Should shrink long form parameters">
    </testcase>
    <testcase name="# track-js #pixel Should throw when endpoint is not set" time="0" classname="Should throw when endpoint is not set">
    </testcase>
  </testsuite>
</testsuites>